<html>
<body>
<pre>
<h1>µVision Build Log</h1>
<h2>Tool Versions:</h2>
IDE-Version: µVision V5.17.0.0
Copyright (C) 2015 ARM Ltd and ARM Germany GmbH. All rights reserved.
License Information: JUnit Esq, dsa, LIC=8VRKP-MNJII-8TW3P-MSB7G-FG89D-X67KY
 
Tool Versions:
Toolchain:       MDK-ARM Standard  Version: 5.17
Toolchain Path:  C:\Keil_v5\ARM\ARMCC\Bin
C Compiler:      Armcc.exe V5.06 update 1 (build 61)
Assembler:       Armasm.exe V5.06 update 1 (build 61)
Linker/Locator:  ArmLink.exe V5.06 update 1 (build 61)
Library Manager: ArmAr.exe V5.06 update 1 (build 61)
Hex Converter:   FromElf.exe V5.06 update 1 (build 61)
CPU DLL:         SARMCM3.DLL V5.17
Dialog DLL:      DCM.DLL V1.13.4.0
Target DLL:      STLink\ST-LINKIII-KEIL_SWO.dll V2.0.18.0
Dialog DLL:      TCM.DLL V1.14.6.0
 
<h2>Project:</h2>
C:\Users\Terry\Desktop\SLSF4\SLSF4\MDK-ARM\SLSF4.uvprojx
Project File Date:  01/06/2016

<h2>Output:</h2>
*** Using Compiler 'V5.06 update 1 (build 61)', folder: 'C:\Keil_v5\ARM\ARMCC\Bin'
Build target 'SLSF4 Configuration'
compiling PARSE_Task.c...
..\Src\PARSE_Task.c(55): warning:  #177-D: variable "i" was declared but never referenced
        uint32_t i, j;
..\Src\PARSE_Task.c(58): warning:  #177-D: variable "test" was declared but never referenced
        int test = 0;
..\Src\PARSE_Task.c(217): warning:  #177-D: variable "start" was declared but never referenced
        int start = 0, end = 0;
..\Src\PARSE_Task.c(217): warning:  #177-D: variable "end" was declared but never referenced
        int start = 0, end = 0;
..\Src\PARSE_Task.c(220): warning:  #177-D: variable "str" was declared but never referenced
        char str[32];
..\Src\PARSE_Task.c(300): warning:  #177-D: variable "lineCnt" was declared but never referenced
        int exec, lineCnt = 0, laserState = 0;
..\Src\PARSE_Task.c: 6 warnings, 0 errors
linking...
Program Size: Code=132228 RO-data=12600 RW-data=1952 ZI-data=110568  
"SLSF4 Configuration/\.axf" - 0 Error(s), 6 Warning(s).

<h2>Software Packages used:</h2>

Package Vendor: ARM
                http://www.keil.com/pack/ARM.CMSIS.4.5.0.pack
                ARM::CMSIS:CORE:4.3.0
                CMSIS (Cortex Microcontroller Software Interface Standard)
   * Component: CORE Version: 4.3.0

<h2>Collection of Component include folders:</h2>
  C:\Users\Terry\Desktop\SLSF4\SLSF4\MDK-ARM\RTE
  C:\Keil_v5\ARM\PACK\ARM\CMSIS\4.5.0\CMSIS\Include
  C:\Keil_v5\ARM\PACK\Keil\STM32F4xx_DFP\2.7.0\Drivers\CMSIS\Device\ST\STM32F4xx\Include

<h2>Collection of Component Files used:</h2>

   * Component: ARM::CMSIS:CORE:4.3.0
Build Time Elapsed:  00:00:02
</pre>
</body>
</html>
