<html>
<body>
<pre>
<h1>µVision Build Log</h1>
<h2>Project:</h2>
C:\Users\Terry\Desktop\SLSF4\SLSF4\MDK-ARM\SLSF4.uvproj
Project File Date:  12/10/2015

<h2>Output:</h2>
Build target 'SLSF4 Configuration'
compiling main.c...
../Src/main.c(109): warning:  #223-D: function "SDIO_Setup" declared implicitly
        SDIO_Setup();
../Src/main.c: 1 warning, 0 errors
linking...
Program Size: Code=26912 RO-data=2044 RW-data=168 ZI-data=26464  
"SLSF4 Configuration/\.axf" - 0 Error(s), 1 Warning(s).
Load "SLSF4 Configuration/\\.axf" 
Erase Done.
Programming Done.
Verify OK.
Application running ...
ning ...
g...
Program Size: Code=25332 RO-data=1908 RW-data=148 ZI-data=26444  
"SLSF4 Configuration/\.axf" - 0 Error(s), 3 Warning(s).
Load "SLSF4 Configuration/\\.axf" 
Erase Done.
Programming Done.
Verify OK.
Application running ...
ing, 2 errors
"SLSF4 Configuration/\.axf" - 2 Error(s), 2 Warning(s).
Target not created
..
compiling stm32f4xx_hal_i2s.c...
compiling stm32f4xx_hal_sd.c...
compiling stm32f4xx_hal_rcc.c...
compiling stm32f4xx_hal_gpio.c...
compiling stm32f4xx_hal_flash_ramfunc.c...
compiling stm32f4xx_hal_rcc_ex.c...
compiling stm32f4xx_hal_flash.c...
compiling stm32f4xx_hal_dma.c...
compiling stm32f4xx_hal_pwr_ex.c...
compiling stm32f4xx_ll_sdmmc.c...
compiling stm32f4xx_hal.c...
compiling stm32f4xx_hal_pwr.c...
compiling stm32f4xx_hal_i2s_ex.c...
compiling stm32f4xx_hal_dma_ex.c...
compiling stm32f4xx_hal_cortex.c...
compiling stm32f4xx_hal_flash_ex.c...
compiling stm32f4xx_hal_uart.c...
compiling ff_gen_drv.c...
compiling ccsbcs.c...
compiling ff.c...
compiling syscall.c...
compiling diskio.c...
compiling sd_diskio.c...
assembling startup_stm32f429xx.s...
linking...
Program Size: Code=27296 RO-data=2076 RW-data=172 ZI-data=26460  
"SLSF4 Configuration/\.axf" - 0 Error(s), 2 Warning(s).
f429xx.s...
linking...
Program Size: Code=27276 RO-data=2076 RW-data=172 ZI-data=26460  
"SLSF4 Configuration/\.axf" - 0 Error(s), 3 Warning(s).
