<html>
<body>
<pre>
<h1>µVision Build Log</h1>
<h2>Tool Versions:</h2>
IDE-Version: µVision V5.17.0.0
Copyright (C) 2015 ARM Ltd and ARM Germany GmbH. All rights reserved.
License Information: JUnit Esq, dsa, LIC=8VRKP-MNJII-8TW3P-MSB7G-FG89D-X67KY
 
Tool Versions:
Toolchain:       MDK-ARM Standard  Version: 5.17
Toolchain Path:  C:\Keil_v5\ARM\ARMCC\Bin
C Compiler:      Armcc.exe V5.06 update 1 (build 61)
Assembler:       Armasm.exe V5.06 update 1 (build 61)
Linker/Locator:  ArmLink.exe V5.06 update 1 (build 61)
Library Manager: ArmAr.exe V5.06 update 1 (build 61)
Hex Converter:   FromElf.exe V5.06 update 1 (build 61)
CPU DLL:         SARMCM3.DLL V5.17
Dialog DLL:      DCM.DLL V1.13.4.0
Target DLL:      STLink\ST-LINKIII-KEIL_SWO.dll V2.0.18.0
Dialog DLL:      TCM.DLL V1.14.6.0
 
<h2>Project:</h2>
C:\Users\Terry\Desktop\SLSF4\SLSF4_LTDC\SLSF4_LTDC\MDK-ARM\SLSF4_LTDC.uvprojx
Project File Date:  12/20/2015

<h2>Output:</h2>
*** Using Compiler 'V5.06 update 1 (build 61)', folder: 'C:\Keil_v5\ARM\ARMCC\Bin'
Build target 'SLSF4_LTDC Configuration'
compiling ili9341.c...
compiling stm32f429i_discovery.c...
compiling ili9341.c...
compiling stm32f429i_discovery.c...
linking...
SLSF4_LTDC Configuration/\.axf: Warning: L6304W: Duplicate input file slsf4_ltdc configuration/\ili9341_1.o ignored.
SLSF4_LTDC Configuration/\.axf: Warning: L6304W: Duplicate input file slsf4_ltdc configuration/\stm32f429i_discovery_1.o ignored.
Program Size: Code=8838 RO-data=77278 RW-data=32 ZI-data=1400  
Finished: 0 information, 2 warning and 0 error messages.
"SLSF4_LTDC Configuration/\.axf" - 0 Error(s), 2 Warning(s).

<h2>Software Packages used:</h2>

Package Vendor: ARM
                http://www.keil.com/pack/ARM.CMSIS.4.5.0.pack
                ARM::CMSIS:CORE:4.3.0
                CMSIS (Cortex Microcontroller Software Interface Standard)
   * Component: CORE Version: 4.3.0

<h2>Collection of Component include folders:</h2>
  C:\Users\Terry\Desktop\SLSF4\SLSF4_LTDC\SLSF4_LTDC\MDK-ARM\RTE
  C:\Keil_v5\ARM\PACK\ARM\CMSIS\4.5.0\CMSIS\Include
  C:\Keil_v5\ARM\PACK\Keil\STM32F4xx_DFP\2.7.0\Drivers\CMSIS\Device\ST\STM32F4xx\Include

<h2>Collection of Component Files used:</h2>

   * Component: ARM::CMSIS:CORE:4.3.0
Build Time Elapsed:  00:00:02
</pre>
</body>
</html>
